// Jest Snapshot v1, https://goo.gl/fbAQLP

exports[`App renders correctly should render correctly in "debug" mode 1`] = `ShallowWrapper {}`;

exports[`App renders correctly should render correctly with no props 1`] = `ShallowWrapper {}`;
