// Jest Snapshot v1, https://goo.gl/fbAQLP

exports[`Home renders correctly Page should match snapshot 1`] = `ShallowWrapper {}`;
